yarn run v1.22.22
$ vite build --debug
node.exe : 2025-08-14T15:33:46.848Z vite:config bundled 
config file loaded in 4154.62ms
At C:\Users\dll\AppData\Roaming\npm\yarn.ps1:24 char:5
+     & "node$exe"  
"$basedir/node_modules/yarn/bin/yarn.js" $args
+     ~~~~~~~~~~~~~~~~~~~~~~~~~~~~~~~~~~~~~~~~~~~~~~~~~~
~~~~~~~~~~
    + CategoryInfo          : NotSpecified: (2025-08-14 
   T15:3...ed in 4154.62ms:String) [], RemoteException
    + FullyQualifiedErrorId : NativeCommandError
 
2025-08-14T15:33:47.344Z vite:esbuild 
[31m155.30ms[39m tsconfck init [2mC:/Users/dll/Downlo
ads/virtual-mall-api/virtual-mall-api/frontend[22m
2025-08-14T15:33:55.231Z vite:config using resolved 
config: {
  plugins: [
    'vite:build-metadata',
    'vite:watch-package-data',
    'vite:pre-alias',
    'alias',
    'vite:react-babel',
    'vite:react-refresh',
    '@tailwindcss/vite:scan',
    '@tailwindcss/vite:generate:build',
    'vite-tsconfig-paths',
    'vite:modulepreload-polyfill',
    'vite:resolve',
    'vite:html-inline-proxy',
    'vite:css',
    'vite:esbuild',
    'vite:json',
    'vite:wasm-helper',
    'vite:worker',
    'vite:asset',
    'vite:wasm-fallback',
    'vite:define',
    'vite:css-post',
    'vite:build-html',
    'vite:worker-import-meta-url',
    'vite:asset-import-meta-url',
    'vite:force-systemjs-wrap-complete',
    'commonjs',
    'vite:data-uri',
    'vite:dynamic-import-vars',
    'vite:import-glob',
    'vite:build-import-analysis',
    'vite:esbuild-transpile',
    'vite:terser',
    'vite:reporter',
    'vite:load-fallback'
  ],
  server: {
    preTransformRequests: true,
    host: '0.0.0.0',
    port: 3000,
    open: true,
    sourcemapIgnoreList: [Function: isInNodeModules],
    middlewareMode: false,
    fs: { strict: true, allow: [Array], deny: [Array] }
  },
  build: {
    target: [ 'es2020', 'edge88', 'firefox78', 
'chrome87', 'safari14' ],
    cssTarget: [ 'es2020', 'edge88', 'firefox78', 
'chrome87', 'safari14' ],
    outDir: 'dist',
    assetsDir: 'assets',
    assetsInlineLimit: 4096,
    cssCodeSplit: true,
    sourcemap: false,
    rollupOptions: { onwarn: [Function: onwarn] },
    minify: 'esbuild',
    terserOptions: {},
    write: true,
    emptyOutDir: true,
    copyPublicDir: true,
    manifest: false,
    lib: false,
    ssr: false,
    ssrManifest: false,
    ssrEmitAssets: false,
    reportCompressedSize: true,
    chunkSizeWarningLimit: 500,
    watch: null,
    commonjsOptions: { include: [Array], extensions: 
[Array] },
    dynamicImportVarsOptions: { warnOnError: true, 
exclude: [Array] },
    modulePreload: { polyfill: true },
    cssMinify: true
  },
  optimizeDeps: {
    disabled: 'build',
    force: undefined,
    esbuildOptions: { preserveSymlinks: false, jsx: 
'automatic' },
    include: [
      'react',
      'react-dom',
      'react/jsx-dev-runtime',
      'react/jsx-runtime'
    ]
  },
  esbuild: { jsxDev: false, jsx: 'automatic', 
jsxImportSource: undefined },
  resolve: {
    mainFields: [ 'module', 'jsnext:main', 'jsnext' ],
    browserField: true,
    conditions: [],
    extensions: [
      '.mjs',  '.js',
      '.mts',  '.ts',
      '.jsx',  '.tsx',
      '.json'
    ],
    dedupe: [ 'react', 'react-dom' ],
    preserveSymlinks: false,
    alias: [ [Object], [Object] ]
  },
  configFile: 'C:/Users/dll/Downloads/virtual-mall-api/v
irtual-mall-api/frontend/vite.config.mjs',
  configFileDependencies: [
    'C:/Users/dll/Downloads/virtual-mall-api/virtual-mal
l-api/frontend/vite.config.mjs'
  ],
  inlineConfig: {
    root: undefined,
    base: undefined,
    mode: undefined,
    configFile: undefined,
    logLevel: undefined,
    clearScreen: undefined,
    optimizeDeps: { force: undefined },
    build: {}
  },
  root: 'C:/Users/dll/Downloads/virtual-mall-api/virtual
-mall-api/frontend',
  base: '/',
  rawBase: '/',
  publicDir: 'C:\\Users\\dll\\Downloads\\virtual-mall-ap
i\\virtual-mall-api\\frontend\\public',
  cacheDir: 'C:/Users/dll/Downloads/virtual-mall-api/vir
tual-mall-api/frontend/node_modules/.vite',
  command: 'build',
  mode: 'production',
  ssr: {
    format: 'esm',
[36mvite v4.5.14 [32mbuilding for production...[36m[39m
    target: 'node',
    optimizeDeps: { disabled: true, esbuildOptions: 
[Object] }
  },
  isWorker: false,
  mainConfig: null,
  isProduction: true,
  css: undefined,
  preview: {
    port: undefined,
    strictPort: undefined,
    host: '0.0.0.0',
    allowedHosts: undefined,
    https: undefined,
    open: true,
    proxy: undefined,
    cors: undefined,
    headers: undefined
  },
  envDir: 'C:/Users/dll/Downloads/virtual-mall-api/virtu
al-mall-api/frontend',
  env: { BASE_URL: '/', MODE: 'production', DEV: false, 
PROD: true },
  assetsInclude: [Function: assetsInclude],
  logger: {
    hasWarned: false,
    info: [Function: info],
    warn: [Function: warn],
    warnOnce: [Function: warnOnce],
    error: [Function: error],
    clearScreen: [Function: clearScreen],
    hasErrorLogged: [Function: hasErrorLogged]
  },
  packageCache: Map(1) {
    'fnpd_C:/Users/dll/Downloads/virtual-mall-api/virtua
l-mall-api/frontend' => {
      dir: 'C:\\Users\\dll\\Downloads\\virtual-mall-api\
\virtual-mall-api\\frontend',
      data: [Object],
      hasSideEffects: [Function: hasSideEffects],
      webResolvedImports: {},
      nodeResolvedImports: {},
      setResolvedCache: [Function: setResolvedCache],
      getResolvedCache: [Function: getResolvedCache]
    },
    set: [Function (anonymous)]
  },
  createResolver: [Function: createResolver],
  worker: {
    format: 'iife',
    plugins: [
      'vite:build-metadata',
      'vite:watch-package-data',
      'vite:pre-alias',
      'alias',
      'vite:modulepreload-polyfill',
      'vite:resolve',
      'vite:html-inline-proxy',
      'vite:css',
      'vite:esbuild',
      'vite:json',
      'vite:wasm-helper',
      'vite:worker',
      'vite:asset',
      'vite:wasm-fallback',
      'vite:define',
      'vite:css-post',
      'vite:build-html',
      'vite:worker-import-meta-url',
      'vite:asset-import-meta-url',
      'vite:force-systemjs-wrap-complete',
      'commonjs',
      'vite:data-uri',
      'vite:worker-post',
      'vite:dynamic-import-vars',
      'vite:import-glob',
      'vite:build-import-analysis',
      'vite:esbuild-transpile',
      'vite:terser',
      'vite:load-fallback'
    ],
    rollupOptions: {},
    getSortedPlugins: [Function: getSortedPlugins],
    getSortedPluginHooks: [Function: 
getSortedPluginHooks]
  },
  appType: 'spa',
  experimental: { importGlobRestoreExtension: false, 
hmrPartialAccept: false },
  webSocketToken: 'VO1LMiEuOyNi',
  additionalAllowedHosts: [ '0.0.0.0', '0.0.0.0' ],
  getSortedPlugins: [Function: getSortedPlugins],
  getSortedPluginHooks: [Function: getSortedPluginHooks]
}
transforming...
[32mΓ£ô[39m 3 modules transformed.
[32mΓ£ô built in 628ms[39m
[31m[@tailwindcss/vite:generate:build] Cannot read 
properties of undefined (reading 'devSourcemap')[39m
file: [36mC:/Users/dll/Downloads/virtual-mall-api/virtu
al-mall-api/frontend/src/index.css[39m
[31merror during build:
TypeError: Cannot read properties of undefined (reading 
'devSourcemap')
    at R.factory (file:///C:/Users/dll/Downloads/virtual
-mall-api/virtual-mall-api/node_modules/@tailwindcss/vit
e/dist/index.mjs:1:1532)
    at R.get (file:///C:/Users/dll/Downloads/virtual-mal
l-api/virtual-mall-api/node_modules/@tailwindcss/vite/di
st/index.mjs:1:3001)
    at Object.transform (file:///C:/Users/dll/Downloads/
virtual-mall-api/virtual-mall-api/node_modules/@tailwind
css/vite/dist/index.mjs:1:2325)
    at file:///C:/Users/dll/Downloads/virtual-mall-api/v
irtual-mall-api/frontend/node_modules/rollup/dist/es/sha
red/node-entry.js:25544:40[39m
error Command failed with exit code 1.
info Visit https://yarnpkg.com/en/docs/cli/run for documentation about this command.
